check - markings
count - 2
begin marking
s1 - dot
s2 -
end marking
begin marking
s1 -
s2 - dot
end marking
