check - markings
begin marking
s1 - 1 1 2 2 3
s2 - 
s3 - 1 3
end marking
begin marking
s1 - 2 2 3
s2 - 1
s3 - 3
end marking
