check - markings
begin marking
gate().e - dot
gate().i#1 -
gate().i#2 -
gate().i#3 -
gate().state - 'OPEN'
gate().x -
end marking
begin marking
gate().e -
gate().i#1 - dot
gate().i#2 -
gate().i#3 -
gate().state - 'MOVING'
gate().x -
end marking
begin marking
gate().e -
gate().i#1 -
gate().i#2 - dot
gate().i#3 -
gate().state - 'CLOSED'
gate().x -
end marking
begin marking
gate().e -
gate().i#1 -
gate().i#2 -
gate().i#3 - dot
gate().state - 'MOVING'
gate().x -
end marking
