check - markings
count - 2
begin marking
s1 -
s2 - 1
end marking
begin marking
s1 - 1
s2 -
end marking
