check - markings
begin marking
s1 - 
s2 - 4
end marking
begin marking
s1 - 4
s2 - 
end marking
