check - markings
begin marking
s1 - dot
s2 -
testplace - dot
end marking
begin marking
s1 -
s2 - dot
testplace - dot
end marking
