check - markings
begin marking
f1 - [dot]
f2 - []
end marking
begin marking
f1 - []
f2 - [dot]
end marking
