check - markings
begin marking
f1 - 
f2 - dot
f3 - 
end marking
begin marking
f1 - 
f2 - 
f3 - dot
end marking
begin marking
f1 - dot
f2 - 
f3 - 
end marking
