check - markings
count - 2
begin marking
s1 - 1 2 3
s2 - 
end marking
begin marking
s1 - 
s2 - 1 1 2 2 3 3
end marking
