check - markings
begin marking
s1 - 3
s2 -
end marking
begin marking
s1 -
s2 - 7
end marking
