check - markings
begin marking
s1 - [1, 1, 2, 2, 3]
s2 - []
end marking
begin marking
s1 - [2, 2, 3]
s2 - [1]
end marking
begin marking
s1 - [3]
s2 - [1, 2]
end marking
begin marking
s1 - [1, 1, 3]
s2 - [2]
end marking
