check - markings
count - 9
begin marking
f1 - dot
f1' - dot
f2 - 
f2' - 
f3 - 
f3' - 
end marking
begin marking
f1 - dot
f1' - 
f2 - 
f2' - dot
f3 - 
f3' - 
end marking
begin marking
f1 - dot
f1' - 
f2 - 
f2' - 
f3 - 
f3' - dot
end marking
begin marking
f1 - 
f1' - 
f2 - dot
f2' - dot
f3 - 
f3' - 
end marking
begin marking
f1 - 
f1' - 
f2 - 
f2' - dot
f3 - dot
f3' - 
end marking
begin marking
f1 - 
f1' - 
f2 - 
f2' - 
f3 - dot
f3' - dot
end marking
begin marking
f1 - 
f1' - dot
f2 - 
f2' - 
f3 - dot
f3' - 
end marking
begin marking
f1 - 
f1' - 
f2 - dot
f2' - 
f3 - 
f3' - dot
end marking
begin marking
f1 - 
f1' - dot
f2 - dot
f2' - 
f3 - 
f3' - 
end marking
