check - markings
begin marking
s1 - 42
s2 -
end marking
begin marking
s1 -
s2 - 21 42
end marking
