check - markings
begin marking
s1 - [dot]
s2 - []
end marking
