check - markings
begin marking
s1 - [dot, dot]
s2 - []
end marking
begin marking
s1 - []
s2 - [dot]
end marking
