[{
's1' : [],
's2' : [2],
'testplace' : [2, 1],
}, {
's1' : [2],
's2' : [],
'testplace' : [2, 1],
}, ]
