[{
's1' : [],
's2' : [dot, ],
}, {
's1' : [dot, ],
's2' : [],
}, ]
