[{
's1' : [],
's2' : [dot],
}, {
's1' : [dot, dot],
's2' : [],
}, ]