[{
'gate().e' : [],
'gate().i#1' : [dot],
'gate().i#2' : [],
'gate().i#3' : [],
'gate().state' : ['MOVING'],
'gate().x' : [],
}, {
'gate().e' : [],
'gate().i#1' : [],
'gate().i#2' : [dot],
'gate().i#3' : [],
'gate().state' : ['CLOSED'],
'gate().x' : [],
}, {
'gate().e' : [dot],
'gate().i#1' : [],
'gate().i#2' : [],
'gate().i#3' : [],
'gate().state' : ['OPEN'],
'gate().x' : [],
}, {
'gate().e' : [],
'gate().i#1' : [],
'gate().i#2' : [],
'gate().i#3' : [dot],
'gate().state' : ['MOVING'],
'gate().x' : [],
}, ]