[{
's1' : [],
's2' : [1, 1, 2, 2, 3, 3],
}, {
's1' : [1, 2, 3],
's2' : [],
}, ]