[{
's1' : [dot, ], 
's2' : [], 
's3' : [], 
}, {
's1' : [], 
's2' : [dot, ], 
's3' : [], 
}, {
's1' : [], 
's2' : [], 
's3' : [dot, ], 
}, ]