[{
'f1' : [],
'f2' : [],
'f3' : [dot],
}, {
'f1' : [dot],
'f2' : [],
'f3' : [],
}, {
'f1' : [],
'f2' : [dot],
'f3' : [],
}, ]
