[{
's1' : [dot, dot, dot],
's2' : [],
}, {
's1' : [dot],
's2' : [dot],
}, ]