[{
's1' : [(1, (2, (3, 4)))],
's2' : [],
}, {
's1' : [],
's2' : [(2, (2, (3, 4)))],
}, ]
