[{
's1' : [3, 2, 2, 1, 1],
's2' : [],
}, {
's1' : [3, 2, 2],
's2' : [1],
}, {
's1' : [3, 1, 1],
's2' : [2],
}, {
's1' : [3],
's2' : [2, 1],
}, ]