[{
's1' : [],
's2' : [42, 21],
}, {
's1' : [42],
's2' : [],
}, ]
