[{
's1' : [3, 5, ], 
's2' : [], 
}, {
's1' : [3, ], 
's2' : [11, ], 
}, {
's1' : [5, ], 
's2' : [7, ], 
}, {
's1' : [], 
's2' : [11, 7, ], 
}, ]