[{
'f1' : [dot],
'f2' : [],
}, {
'f1' : [],
'f2' : [dot],
}, ]
