check - markings
begin marking
s1 - 
s2 - 
s3 - 
s4 - 3
end marking
begin marking
s1 - (1, 2)
s2 - 1
s3 - 2
s4 - 
end marking
